一単位(勾配 1 回): 683 ms → 1 走 23 分見込み × 9 走 = 203 分見込み(scan の中は素の勾配の 3.3 倍 — 実測 2026-09-08)
主系統: 805 地点年 / 57 群
学習率の掃引(選定は内側検証のみ・種 0):
  掃引 lr=0.003: 内側検証 9.52 / 試験 11.99 / 最良点 中央値 191 最大 600 / 予算張り付き 1 件 → 失格
  掃引 lr=0.01: 内側検証 9.09 / 試験 12.08 / 最良点 中央値 144 最大 568 / 予算張り付き 0 件
  掃引 lr=0.03: 内側検証 8.51 / 試験 11.98 / 最良点 中央値 28 最大 589 / 予算張り付き 0 件
  → 採用 lr=0.03(内側検証が最小)
  cnn_co2 seed=0: 地点MAE 11.98 / 例MAE 12.46 (385 秒)
  cnn_co2 seed=1: 地点MAE 13.22 / 例MAE 14.65 (398 秒)
  cnn_co2 seed=2: 地点MAE 12.01 / 例MAE 11.48 (318 秒)
CH4 比較: 739 地点年 / 56 群
  cnn_co2_paired seed=0: 地点MAE 10.53 / 例MAE 11.00 (327 秒)
  cnn_co2_paired seed=1: 地点MAE 13.17 / 例MAE 12.90 (2418 秒)
  cnn_co2_paired seed=2: 地点MAE 11.38 / 例MAE 12.26 (243 秒)
  cnn_co2_ch4_paired seed=0: 地点MAE 10.91 / 例MAE 11.41 (357 秒)
  cnn_co2_ch4_paired seed=1: 地点MAE 10.51 / 例MAE 10.32 (366 秒)
  cnn_co2_ch4_paired seed=2: 地点MAE 10.85 / 例MAE 10.54 (347 秒)
予算感度(打ち切りが結論を作っていないかを測る):
  予算感度 600 エポック: 地点MAE 11.98 / 張り付き 0 件
  予算感度 1800 エポック: 地点MAE 11.69 / 張り付き 0 件

相手(L1): harmonic_knn 地点MAE 10.95
模型     : cnn_co2 地点MAE 12.40(種ごと ['11.98', '13.22', '12.01'])
G-08 閾値 15.61 → 通過
G-09 相手 10.95 → 不通過
G-10 CH4 11.69 → 10.76 → 通過
予算感度: 予算 3 倍で -0.29 度 (閾値 0.35 度) → 打ち切りは結論を作っていない
